Archive member included to satisfy reference by file (symbol)

/usr/lib/gcc/avr/11.2.0/../../../../avr/lib/avr5/libscanf_flt.a(vfscanf_flt.o)
                              (vfscanf)
/usr/lib/gcc/avr/11.2.0/../../../../avr/lib/avr5/libprintf_flt.a(vfprintf_flt.o)
                              (vfprintf)
/usr/lib/gcc/avr/11.2.0/avr5/libgcc.a(_mulsi3.o)
                              counter.o (__mulsi3)
/usr/lib/gcc/avr/11.2.0/avr5/libgcc.a(_divmodhi4.o)
                              counter.o (__divmodhi4)
/usr/lib/gcc/avr/11.2.0/avr5/libgcc.a(_divmodsi4.o)
                              counter.o (__divmodsi4)
/usr/lib/gcc/avr/11.2.0/avr5/libgcc.a(_negsi2.o)
                              /usr/lib/gcc/avr/11.2.0/avr5/libgcc.a(_divmodsi4.o) (__negsi2)
/usr/lib/gcc/avr/11.2.0/avr5/libgcc.a(_exit.o)
                              /usr/lib/gcc/avr/11.2.0/../../../../avr/lib/avr5/crtatmega328p.o (exit)
/usr/lib/gcc/avr/11.2.0/avr5/libgcc.a(_copy_data.o)
                              counter.o (__do_copy_data)
/usr/lib/gcc/avr/11.2.0/avr5/libgcc.a(_clear_bss.o)
                              counter.o (__do_clear_bss)
/usr/lib/gcc/avr/11.2.0/avr5/libgcc.a(_muluhisi3.o)
                              /usr/lib/gcc/avr/11.2.0/avr5/libgcc.a(_mulsi3.o) (__muluhisi3)
/usr/lib/gcc/avr/11.2.0/avr5/libgcc.a(_prologue.o)
                              /usr/lib/gcc/avr/11.2.0/../../../../avr/lib/avr5/libscanf_flt.a(vfscanf_flt.o) (__prologue_saves__)
/usr/lib/gcc/avr/11.2.0/avr5/libgcc.a(_epilogue.o)
                              /usr/lib/gcc/avr/11.2.0/../../../../avr/lib/avr5/libscanf_flt.a(vfscanf_flt.o) (__epilogue_restores__)
/usr/lib/gcc/avr/11.2.0/avr5/libgcc.a(_udivmodhi4.o)
                              /usr/lib/gcc/avr/11.2.0/avr5/libgcc.a(_divmodhi4.o) (__udivmodhi4)
/usr/lib/gcc/avr/11.2.0/avr5/libgcc.a(_udivmodsi4.o)
                              /usr/lib/gcc/avr/11.2.0/avr5/libgcc.a(_divmodsi4.o) (__udivmodsi4)
/usr/lib/gcc/avr/11.2.0/avr5/libgcc.a(_umulhisi3.o)
                              /usr/lib/gcc/avr/11.2.0/avr5/libgcc.a(_muluhisi3.o) (__umulhisi3)
/usr/lib/gcc/avr/11.2.0/../../../../avr/lib/avr5/libm.a(addsf3.o)
                              counter.o (__addsf3)
/usr/lib/gcc/avr/11.2.0/../../../../avr/lib/avr5/libm.a(addsf3x.o)
                              /usr/lib/gcc/avr/11.2.0/../../../../avr/lib/avr5/libm.a(addsf3.o) (__addsf3x)
/usr/lib/gcc/avr/11.2.0/../../../../avr/lib/avr5/libm.a(divsf3.o)
                              counter.o (__divsf3)
/usr/lib/gcc/avr/11.2.0/../../../../avr/lib/avr5/libm.a(divsf3x.o)
                              /usr/lib/gcc/avr/11.2.0/../../../../avr/lib/avr5/libm.a(divsf3.o) (__divsf3x)
/usr/lib/gcc/avr/11.2.0/../../../../avr/lib/avr5/libm.a(floatsisf.o)
                              /usr/lib/gcc/avr/11.2.0/../../../../avr/lib/avr5/libscanf_flt.a(vfscanf_flt.o) (__floatunsisf)
/usr/lib/gcc/avr/11.2.0/../../../../avr/lib/avr5/libm.a(fp_inf.o)
                              /usr/lib/gcc/avr/11.2.0/../../../../avr/lib/avr5/libm.a(addsf3x.o) (__fp_inf)
/usr/lib/gcc/avr/11.2.0/../../../../avr/lib/avr5/libm.a(fp_nan.o)
                              /usr/lib/gcc/avr/11.2.0/../../../../avr/lib/avr5/libm.a(addsf3x.o) (__fp_nan)
/usr/lib/gcc/avr/11.2.0/../../../../avr/lib/avr5/libm.a(fp_pscA.o)
                              /usr/lib/gcc/avr/11.2.0/../../../../avr/lib/avr5/libm.a(addsf3x.o) (__fp_pscA)
/usr/lib/gcc/avr/11.2.0/../../../../avr/lib/avr5/libm.a(fp_pscB.o)
                              /usr/lib/gcc/avr/11.2.0/../../../../avr/lib/avr5/libm.a(addsf3x.o) (__fp_pscB)
/usr/lib/gcc/avr/11.2.0/../../../../avr/lib/avr5/libm.a(fp_round.o)
                              /usr/lib/gcc/avr/11.2.0/../../../../avr/lib/avr5/libm.a(addsf3.o) (__fp_round)
/usr/lib/gcc/avr/11.2.0/../../../../avr/lib/avr5/libm.a(fp_split3.o)
                              /usr/lib/gcc/avr/11.2.0/../../../../avr/lib/avr5/libm.a(addsf3x.o) (__fp_split3)
/usr/lib/gcc/avr/11.2.0/../../../../avr/lib/avr5/libm.a(fp_zero.o)
                              /usr/lib/gcc/avr/11.2.0/../../../../avr/lib/avr5/libm.a(addsf3x.o) (__fp_zero)
/usr/lib/gcc/avr/11.2.0/../../../../avr/lib/avr5/libm.a(mulsf3.o)
                              counter.o (__mulsf3)
/usr/lib/gcc/avr/11.2.0/../../../../avr/lib/avr5/libm.a(mulsf3x.o)
                              /usr/lib/gcc/avr/11.2.0/../../../../avr/lib/avr5/libm.a(mulsf3.o) (__mulsf3x)
/usr/lib/gcc/avr/11.2.0/../../../../avr/lib/avr5/libc.a(ftoa_engine.o)
                              /usr/lib/gcc/avr/11.2.0/../../../../avr/lib/avr5/libprintf_flt.a(vfprintf_flt.o) (__ftoa_engine)
/usr/lib/gcc/avr/11.2.0/../../../../avr/lib/avr5/libc.a(isspace.o)
                              /usr/lib/gcc/avr/11.2.0/../../../../avr/lib/avr5/libscanf_flt.a(vfscanf_flt.o) (isspace)
/usr/lib/gcc/avr/11.2.0/../../../../avr/lib/avr5/libc.a(tolower.o)
                              /usr/lib/gcc/avr/11.2.0/../../../../avr/lib/avr5/libscanf_flt.a(vfscanf_flt.o) (tolower)
/usr/lib/gcc/avr/11.2.0/../../../../avr/lib/avr5/libc.a(strchr_P.o)
                              /usr/lib/gcc/avr/11.2.0/../../../../avr/lib/avr5/libscanf_flt.a(vfscanf_flt.o) (strchr_P)
/usr/lib/gcc/avr/11.2.0/../../../../avr/lib/avr5/libc.a(strnlen_P.o)
                              /usr/lib/gcc/avr/11.2.0/../../../../avr/lib/avr5/libprintf_flt.a(vfprintf_flt.o) (strnlen_P)
/usr/lib/gcc/avr/11.2.0/../../../../avr/lib/avr5/libc.a(strnlen.o)
                              /usr/lib/gcc/avr/11.2.0/../../../../avr/lib/avr5/libprintf_flt.a(vfprintf_flt.o) (strnlen)
/usr/lib/gcc/avr/11.2.0/../../../../avr/lib/avr5/libc.a(fgetc.o)
                              /usr/lib/gcc/avr/11.2.0/../../../../avr/lib/avr5/libscanf_flt.a(vfscanf_flt.o) (fgetc)
/usr/lib/gcc/avr/11.2.0/../../../../avr/lib/avr5/libc.a(fputc.o)
                              /usr/lib/gcc/avr/11.2.0/../../../../avr/lib/avr5/libprintf_flt.a(vfprintf_flt.o) (fputc)
/usr/lib/gcc/avr/11.2.0/../../../../avr/lib/avr5/libc.a(iob.o)
                              counter.o (__iob)
/usr/lib/gcc/avr/11.2.0/../../../../avr/lib/avr5/libc.a(printf.o)
                              counter.o (printf)
/usr/lib/gcc/avr/11.2.0/../../../../avr/lib/avr5/libc.a(puts.o)
                              counter.o (puts)
/usr/lib/gcc/avr/11.2.0/../../../../avr/lib/avr5/libc.a(scanf.o)
                              counter.o (scanf)
/usr/lib/gcc/avr/11.2.0/../../../../avr/lib/avr5/libc.a(ungetc.o)
                              /usr/lib/gcc/avr/11.2.0/../../../../avr/lib/avr5/libscanf_flt.a(vfscanf_flt.o) (ungetc)
/usr/lib/gcc/avr/11.2.0/../../../../avr/lib/avr5/libc.a(ultoa_invert.o)
                              /usr/lib/gcc/avr/11.2.0/../../../../avr/lib/avr5/libprintf_flt.a(vfprintf_flt.o) (__ultoa_invert)
/usr/lib/gcc/avr/11.2.0/../../../../avr/lib/avr5/libc.a(cty_isfalse.o)
                              /usr/lib/gcc/avr/11.2.0/../../../../avr/lib/avr5/libc.a(isspace.o) (__ctype_isfalse)

Memory Configuration

Name             Origin             Length             Attributes
text             0x0000000000000000 0x0000000000020000 xr
data             0x0000000000800060 0x000000000000ffa0 rw !x
eeprom           0x0000000000810000 0x0000000000010000 rw !x
fuse             0x0000000000820000 0x0000000000000400 rw !x
lock             0x0000000000830000 0x0000000000000400 rw !x
signature        0x0000000000840000 0x0000000000000400 rw !x
user_signatures  0x0000000000850000 0x0000000000000400 rw !x
*default*        0x0000000000000000 0xffffffffffffffff

Linker script and memory map

Address of section .data set to 0x800100
LOAD /usr/lib/gcc/avr/11.2.0/../../../../avr/lib/avr5/crtatmega328p.o
LOAD counter.o
LOAD /usr/lib/gcc/avr/11.2.0/../../../../avr/lib/avr5/libscanf_flt.a
LOAD /usr/lib/gcc/avr/11.2.0/../../../../avr/lib/avr5/libprintf_flt.a
START GROUP
LOAD /usr/lib/gcc/avr/11.2.0/avr5/libgcc.a
LOAD /usr/lib/gcc/avr/11.2.0/../../../../avr/lib/avr5/libm.a
LOAD /usr/lib/gcc/avr/11.2.0/../../../../avr/lib/avr5/libc.a
LOAD /usr/lib/gcc/avr/11.2.0/../../../../avr/lib/avr5/libatmega328p.a
END GROUP
                0x0000000000020000                __TEXT_REGION_LENGTH__ = DEFINED (__TEXT_REGION_LENGTH__)?__TEXT_REGION_LENGTH__:0x20000
                0x000000000000ffa0                __DATA_REGION_LENGTH__ = DEFINED (__DATA_REGION_LENGTH__)?__DATA_REGION_LENGTH__:0xffa0
                0x0000000000010000                __EEPROM_REGION_LENGTH__ = DEFINED (__EEPROM_REGION_LENGTH__)?__EEPROM_REGION_LENGTH__:0x10000
                0x0000000000000400                __FUSE_REGION_LENGTH__ = DEFINED (__FUSE_REGION_LENGTH__)?__FUSE_REGION_LENGTH__:0x400
                0x0000000000000400                __LOCK_REGION_LENGTH__ = DEFINED (__LOCK_REGION_LENGTH__)?__LOCK_REGION_LENGTH__:0x400
                0x0000000000000400                __SIGNATURE_REGION_LENGTH__ = DEFINED (__SIGNATURE_REGION_LENGTH__)?__SIGNATURE_REGION_LENGTH__:0x400
                0x0000000000000400                __USER_SIGNATURE_REGION_LENGTH__ = DEFINED (__USER_SIGNATURE_REGION_LENGTH__)?__USER_SIGNATURE_REGION_LENGTH__:0x400

.hash
 *(.hash)

.dynsym
 *(.dynsym)

.dynstr
 *(.dynstr)

.gnu.version
 *(.gnu.version)

.gnu.version_d
 *(.gnu.version_d)

.gnu.version_r
 *(.gnu.version_r)

.rel.init
 *(.rel.init)

.rela.init
 *(.rela.init)

.rel.text
 *(.rel.text)
 *(.rel.text.*)
 *(.rel.gnu.linkonce.t*)

.rela.text
 *(.rela.text)
 *(.rela.text.*)
 *(.rela.gnu.linkonce.t*)

.rel.fini
 *(.rel.fini)

.rela.fini
 *(.rela.fini)

.rel.rodata
 *(.rel.rodata)
 *(.rel.rodata.*)
 *(.rel.gnu.linkonce.r*)

.rela.rodata
 *(.rela.rodata)
 *(.rela.rodata.*)
 *(.rela.gnu.linkonce.r*)

.rel.data
 *(.rel.data)
 *(.rel.data.*)
 *(.rel.gnu.linkonce.d*)

.rela.data
 *(.rela.data)
 *(.rela.data.*)
 *(.rela.gnu.linkonce.d*)

.rel.ctors
 *(.rel.ctors)

.rela.ctors
 *(.rela.ctors)

.rel.dtors
 *(.rel.dtors)

.rela.dtors
 *(.rela.dtors)

.rel.got
 *(.rel.got)

.rela.got
 *(.rela.got)

.rel.bss
 *(.rel.bss)

.rela.bss
 *(.rela.bss)

.rel.plt
 *(.rel.plt)

.rela.plt
 *(.rela.plt)

.text           0x0000000000000000     0x2016
 *(.vectors)
 .vectors       0x0000000000000000       0x68 /usr/lib/gcc/avr/11.2.0/../../../../avr/lib/avr5/crtatmega328p.o
                0x0000000000000000                __vectors
                0x0000000000000000                __vector_default
 *(.vectors)
 *(.progmem.gcc*)
                0x0000000000000068                . = ALIGN (0x2)
                0x0000000000000068                __trampolines_start = .
 *(.trampolines)
 .trampolines   0x0000000000000068        0x0 linker stubs
 *(.trampolines*)
                0x0000000000000068                __trampolines_end = .
 *libprintf_flt.a:*(.progmem.data)
 .progmem.data  0x0000000000000068        0x8 /usr/lib/gcc/avr/11.2.0/../../../../avr/lib/avr5/libprintf_flt.a(vfprintf_flt.o)
 *libc.a:*(.progmem.data)
 .progmem.data  0x0000000000000070       0xfa /usr/lib/gcc/avr/11.2.0/../../../../avr/lib/avr5/libc.a(ftoa_engine.o)
 *(.progmem.*)
 .progmem.data  0x000000000000016a       0x4d /usr/lib/gcc/avr/11.2.0/../../../../avr/lib/avr5/libscanf_flt.a(vfscanf_flt.o)
                0x00000000000001b8                . = ALIGN (0x2)
 *fill*         0x00000000000001b7        0x1 
 *(.lowtext)
 *(.lowtext*)
                0x00000000000001b8                __ctors_start = .
 *(.ctors)
                0x00000000000001b8                __ctors_end = .
                0x00000000000001b8                __dtors_start = .
 *(.dtors)
                0x00000000000001b8                __dtors_end = .
 SORT_BY_NAME(*)(.ctors)
 SORT_BY_NAME(*)(.dtors)
 *(.init0)
 .init0         0x00000000000001b8        0x0 /usr/lib/gcc/avr/11.2.0/../../../../avr/lib/avr5/crtatmega328p.o
                0x00000000000001b8                __init
 *(.init0)
 *(.init1)
 *(.init1)
 *(.init2)
 .init2         0x00000000000001b8        0xc /usr/lib/gcc/avr/11.2.0/../../../../avr/lib/avr5/crtatmega328p.o
 *(.init2)
 *(.init3)
 *(.init3)
 *(.init4)
 .init4         0x00000000000001c4       0x16 /usr/lib/gcc/avr/11.2.0/avr5/libgcc.a(_copy_data.o)
                0x00000000000001c4                __do_copy_data
 .init4         0x00000000000001da       0x10 /usr/lib/gcc/avr/11.2.0/avr5/libgcc.a(_clear_bss.o)
                0x00000000000001da                __do_clear_bss
 *(.init4)
 *(.init5)
 *(.init5)
 *(.init6)
 *(.init6)
 *(.init7)
 *(.init7)
 *(.init8)
 *(.init8)
 *(.init9)
 .init9         0x00000000000001ea        0x8 /usr/lib/gcc/avr/11.2.0/../../../../avr/lib/avr5/crtatmega328p.o
 *(.init9)
 *(.text)
 .text          0x00000000000001f2        0x4 /usr/lib/gcc/avr/11.2.0/../../../../avr/lib/avr5/crtatmega328p.o
                0x00000000000001f2                __vector_22
                0x00000000000001f2                __vector_1
                0x00000000000001f2                __vector_24
                0x00000000000001f2                __vector_12
                0x00000000000001f2                __bad_interrupt
                0x00000000000001f2                __vector_6
                0x00000000000001f2                __vector_3
                0x00000000000001f2                __vector_23
                0x00000000000001f2                __vector_25
                0x00000000000001f2                __vector_11
                0x00000000000001f2                __vector_13
                0x00000000000001f2                __vector_17
                0x00000000000001f2                __vector_19
                0x00000000000001f2                __vector_7
                0x00000000000001f2                __vector_5
                0x00000000000001f2                __vector_4
                0x00000000000001f2                __vector_9
                0x00000000000001f2                __vector_2
                0x00000000000001f2                __vector_21
                0x00000000000001f2                __vector_15
                0x00000000000001f2                __vector_8
                0x00000000000001f2                __vector_14
                0x00000000000001f2                __vector_10
                0x00000000000001f2                __vector_16
                0x00000000000001f2                __vector_18
                0x00000000000001f2                __vector_20
 .text          0x00000000000001f6      0x474 counter.o
                0x00000000000001f6                uart_transmit
                0x0000000000000208                uart_receive
                0x0000000000000218                uart_init
                0x0000000000000236                timer1_init
                0x000000000000023e                int8test
                0x0000000000000332                int16test
                0x0000000000000420                int32test
                0x0000000000000556                float_test
 .text          0x000000000000066a        0x0 /usr/lib/gcc/avr/11.2.0/../../../../avr/lib/avr5/libscanf_flt.a(vfscanf_flt.o)
 .text          0x000000000000066a        0x0 /usr/lib/gcc/avr/11.2.0/../../../../avr/lib/avr5/libprintf_flt.a(vfprintf_flt.o)
 .text          0x000000000000066a        0x0 /usr/lib/gcc/avr/11.2.0/avr5/libgcc.a(_mulsi3.o)
 .text          0x000000000000066a        0x0 /usr/lib/gcc/avr/11.2.0/avr5/libgcc.a(_divmodhi4.o)
 .text          0x000000000000066a        0x0 /usr/lib/gcc/avr/11.2.0/avr5/libgcc.a(_divmodsi4.o)
 .text          0x000000000000066a        0x0 /usr/lib/gcc/avr/11.2.0/avr5/libgcc.a(_negsi2.o)
 .text          0x000000000000066a        0x0 /usr/lib/gcc/avr/11.2.0/avr5/libgcc.a(_exit.o)
 .text          0x000000000000066a        0x0 /usr/lib/gcc/avr/11.2.0/avr5/libgcc.a(_copy_data.o)
 .text          0x000000000000066a        0x0 /usr/lib/gcc/avr/11.2.0/avr5/libgcc.a(_clear_bss.o)
 .text          0x000000000000066a        0x0 /usr/lib/gcc/avr/11.2.0/avr5/libgcc.a(_muluhisi3.o)
 .text          0x000000000000066a        0x0 /usr/lib/gcc/avr/11.2.0/avr5/libgcc.a(_prologue.o)
 .text          0x000000000000066a        0x0 /usr/lib/gcc/avr/11.2.0/avr5/libgcc.a(_epilogue.o)
 .text          0x000000000000066a        0x0 /usr/lib/gcc/avr/11.2.0/avr5/libgcc.a(_udivmodhi4.o)
 .text          0x000000000000066a        0x0 /usr/lib/gcc/avr/11.2.0/avr5/libgcc.a(_udivmodsi4.o)
 .text          0x000000000000066a        0x0 /usr/lib/gcc/avr/11.2.0/avr5/libgcc.a(_umulhisi3.o)
 .text          0x000000000000066a        0x0 /usr/lib/gcc/avr/11.2.0/../../../../avr/lib/avr5/libm.a(addsf3.o)
 .text          0x000000000000066a        0x0 /usr/lib/gcc/avr/11.2.0/../../../../avr/lib/avr5/libm.a(addsf3x.o)
 .text          0x000000000000066a        0x0 /usr/lib/gcc/avr/11.2.0/../../../../avr/lib/avr5/libm.a(divsf3.o)
 .text          0x000000000000066a        0x0 /usr/lib/gcc/avr/11.2.0/../../../../avr/lib/avr5/libm.a(divsf3x.o)
 .text          0x000000000000066a        0x0 /usr/lib/gcc/avr/11.2.0/../../../../avr/lib/avr5/libm.a(floatsisf.o)
 .text          0x000000000000066a        0x0 /usr/lib/gcc/avr/11.2.0/../../../../avr/lib/avr5/libm.a(fp_inf.o)
 .text          0x000000000000066a        0x0 /usr/lib/gcc/avr/11.2.0/../../../../avr/lib/avr5/libm.a(fp_nan.o)
 .text          0x000000000000066a        0x0 /usr/lib/gcc/avr/11.2.0/../../../../avr/lib/avr5/libm.a(fp_pscA.o)
 .text          0x000000000000066a        0x0 /usr/lib/gcc/avr/11.2.0/../../../../avr/lib/avr5/libm.a(fp_pscB.o)
 .text          0x000000000000066a        0x0 /usr/lib/gcc/avr/11.2.0/../../../../avr/lib/avr5/libm.a(fp_round.o)
 .text          0x000000000000066a        0x0 /usr/lib/gcc/avr/11.2.0/../../../../avr/lib/avr5/libm.a(fp_split3.o)
 .text          0x000000000000066a        0x0 /usr/lib/gcc/avr/11.2.0/../../../../avr/lib/avr5/libm.a(fp_zero.o)
 .text          0x000000000000066a        0x0 /usr/lib/gcc/avr/11.2.0/../../../../avr/lib/avr5/libm.a(mulsf3.o)
 .text          0x000000000000066a        0x0 /usr/lib/gcc/avr/11.2.0/../../../../avr/lib/avr5/libm.a(mulsf3x.o)
 .text          0x000000000000066a        0x0 /usr/lib/gcc/avr/11.2.0/../../../../avr/lib/avr5/libc.a(ftoa_engine.o)
 .text          0x000000000000066a        0x0 /usr/lib/gcc/avr/11.2.0/../../../../avr/lib/avr5/libc.a(isspace.o)
 .text          0x000000000000066a        0x0 /usr/lib/gcc/avr/11.2.0/../../../../avr/lib/avr5/libc.a(tolower.o)
 .text          0x000000000000066a        0x0 /usr/lib/gcc/avr/11.2.0/../../../../avr/lib/avr5/libc.a(strchr_P.o)
 .text          0x000000000000066a        0x0 /usr/lib/gcc/avr/11.2.0/../../../../avr/lib/avr5/libc.a(strnlen_P.o)
 .text          0x000000000000066a        0x0 /usr/lib/gcc/avr/11.2.0/../../../../avr/lib/avr5/libc.a(strnlen.o)
 .text          0x000000000000066a        0x0 /usr/lib/gcc/avr/11.2.0/../../../../avr/lib/avr5/libc.a(fgetc.o)
 .text          0x000000000000066a        0x0 /usr/lib/gcc/avr/11.2.0/../../../../avr/lib/avr5/libc.a(fputc.o)
 .text          0x000000000000066a        0x0 /usr/lib/gcc/avr/11.2.0/../../../../avr/lib/avr5/libc.a(iob.o)
 .text          0x000000000000066a        0x0 /usr/lib/gcc/avr/11.2.0/../../../../avr/lib/avr5/libc.a(printf.o)
 .text          0x000000000000066a        0x0 /usr/lib/gcc/avr/11.2.0/../../../../avr/lib/avr5/libc.a(puts.o)
 .text          0x000000000000066a        0x0 /usr/lib/gcc/avr/11.2.0/../../../../avr/lib/avr5/libc.a(scanf.o)
 .text          0x000000000000066a        0x0 /usr/lib/gcc/avr/11.2.0/../../../../avr/lib/avr5/libc.a(ungetc.o)
 .text          0x000000000000066a        0x0 /usr/lib/gcc/avr/11.2.0/../../../../avr/lib/avr5/libc.a(ultoa_invert.o)
 .text          0x000000000000066a        0x0 /usr/lib/gcc/avr/11.2.0/../../../../avr/lib/avr5/libc.a(cty_isfalse.o)
                0x000000000000066a                . = ALIGN (0x2)
 *(.text.*)
 .text.startup  0x000000000000066a       0x88 counter.o
                0x000000000000066a                main
 .text.avr-libc
                0x00000000000006f2      0x87c /usr/lib/gcc/avr/11.2.0/../../../../avr/lib/avr5/libscanf_flt.a(vfscanf_flt.o)
                0x0000000000000d04                vfscanf
 .text.avr-libc
                0x0000000000000f6e      0x6d2 /usr/lib/gcc/avr/11.2.0/../../../../avr/lib/avr5/libprintf_flt.a(vfprintf_flt.o)
                0x0000000000000f6e                vfprintf
 .text.libgcc.mul
                0x0000000000001640       0x20 /usr/lib/gcc/avr/11.2.0/avr5/libgcc.a(_mulsi3.o)
                0x0000000000001640                __mulsi3
 .text.libgcc.div
                0x0000000000001660        0x0 /usr/lib/gcc/avr/11.2.0/avr5/libgcc.a(_mulsi3.o)
 .text.libgcc   0x0000000000001660        0x0 /usr/lib/gcc/avr/11.2.0/avr5/libgcc.a(_mulsi3.o)
 .text.libgcc.prologue
                0x0000000000001660        0x0 /usr/lib/gcc/avr/11.2.0/avr5/libgcc.a(_mulsi3.o)
 .text.libgcc.builtins
                0x0000000000001660        0x0 /usr/lib/gcc/avr/11.2.0/avr5/libgcc.a(_mulsi3.o)
 .text.libgcc.fmul
                0x0000000000001660        0x0 /usr/lib/gcc/avr/11.2.0/avr5/libgcc.a(_mulsi3.o)
 .text.libgcc.fixed
                0x0000000000001660        0x0 /usr/lib/gcc/avr/11.2.0/avr5/libgcc.a(_mulsi3.o)
 .text.libgcc.mul
                0x0000000000001660        0x0 /usr/lib/gcc/avr/11.2.0/avr5/libgcc.a(_divmodhi4.o)
 .text.libgcc.div
                0x0000000000001660       0x28 /usr/lib/gcc/avr/11.2.0/avr5/libgcc.a(_divmodhi4.o)
                0x0000000000001660                __divmodhi4
                0x0000000000001660                _div
 .text.libgcc   0x0000000000001688        0x0 /usr/lib/gcc/avr/11.2.0/avr5/libgcc.a(_divmodhi4.o)
 .text.libgcc.prologue
                0x0000000000001688        0x0 /usr/lib/gcc/avr/11.2.0/avr5/libgcc.a(_divmodhi4.o)
 .text.libgcc.builtins
                0x0000000000001688        0x0 /usr/lib/gcc/avr/11.2.0/avr5/libgcc.a(_divmodhi4.o)
 .text.libgcc.fmul
                0x0000000000001688        0x0 /usr/lib/gcc/avr/11.2.0/avr5/libgcc.a(_divmodhi4.o)
 .text.libgcc.fixed
                0x0000000000001688        0x0 /usr/lib/gcc/avr/11.2.0/avr5/libgcc.a(_divmodhi4.o)
 .text.libgcc.mul
                0x0000000000001688        0x0 /usr/lib/gcc/avr/11.2.0/avr5/libgcc.a(_divmodsi4.o)
 .text.libgcc.div
                0x0000000000001688       0x2e /usr/lib/gcc/avr/11.2.0/avr5/libgcc.a(_divmodsi4.o)
                0x0000000000001688                __divmodsi4
 .text.libgcc   0x00000000000016b6        0x0 /usr/lib/gcc/avr/11.2.0/avr5/libgcc.a(_divmodsi4.o)
 .text.libgcc.prologue
                0x00000000000016b6        0x0 /usr/lib/gcc/avr/11.2.0/avr5/libgcc.a(_divmodsi4.o)
 .text.libgcc.builtins
                0x00000000000016b6        0x0 /usr/lib/gcc/avr/11.2.0/avr5/libgcc.a(_divmodsi4.o)
 .text.libgcc.fmul
                0x00000000000016b6        0x0 /usr/lib/gcc/avr/11.2.0/avr5/libgcc.a(_divmodsi4.o)
 .text.libgcc.fixed
                0x00000000000016b6        0x0 /usr/lib/gcc/avr/11.2.0/avr5/libgcc.a(_divmodsi4.o)
 .text.libgcc.mul
                0x00000000000016b6        0x0 /usr/lib/gcc/avr/11.2.0/avr5/libgcc.a(_negsi2.o)
 .text.libgcc.div
                0x00000000000016b6       0x10 /usr/lib/gcc/avr/11.2.0/avr5/libgcc.a(_negsi2.o)
                0x00000000000016b6                __negsi2
 .text.libgcc   0x00000000000016c6        0x0 /usr/lib/gcc/avr/11.2.0/avr5/libgcc.a(_negsi2.o)
 .text.libgcc.prologue
                0x00000000000016c6        0x0 /usr/lib/gcc/avr/11.2.0/avr5/libgcc.a(_negsi2.o)
 .text.libgcc.builtins
                0x00000000000016c6        0x0 /usr/lib/gcc/avr/11.2.0/avr5/libgcc.a(_negsi2.o)
 .text.libgcc.fmul
                0x00000000000016c6        0x0 /usr/lib/gcc/avr/11.2.0/avr5/libgcc.a(_negsi2.o)
 .text.libgcc.fixed
                0x00000000000016c6        0x0 /usr/lib/gcc/avr/11.2.0/avr5/libgcc.a(_negsi2.o)
 .text.libgcc.mul
                0x00000000000016c6        0x0 /usr/lib/gcc/avr/11.2.0/avr5/libgcc.a(_exit.o)
 .text.libgcc.div
                0x00000000000016c6        0x0 /usr/lib/gcc/avr/11.2.0/avr5/libgcc.a(_exit.o)
 .text.libgcc   0x00000000000016c6        0x0 /usr/lib/gcc/avr/11.2.0/avr5/libgcc.a(_exit.o)
 .text.libgcc.prologue
                0x00000000000016c6        0x0 /usr/lib/gcc/avr/11.2.0/avr5/libgcc.a(_exit.o)
 .text.libgcc.builtins
                0x00000000000016c6        0x0 /usr/lib/gcc/avr/11.2.0/avr5/libgcc.a(_exit.o)
 .text.libgcc.fmul
                0x00000000000016c6        0x0 /usr/lib/gcc/avr/11.2.0/avr5/libgcc.a(_exit.o)
 .text.libgcc.fixed
                0x00000000000016c6        0x0 /usr/lib/gcc/avr/11.2.0/avr5/libgcc.a(_exit.o)
 .text.libgcc.mul
                0x00000000000016c6        0x0 /usr/lib/gcc/avr/11.2.0/avr5/libgcc.a(_copy_data.o)
 .text.libgcc.div
                0x00000000000016c6        0x0 /usr/lib/gcc/avr/11.2.0/avr5/libgcc.a(_copy_data.o)
 .text.libgcc   0x00000000000016c6        0x0 /usr/lib/gcc/avr/11.2.0/avr5/libgcc.a(_copy_data.o)
 .text.libgcc.prologue
                0x00000000000016c6        0x0 /usr/lib/gcc/avr/11.2.0/avr5/libgcc.a(_copy_data.o)
 .text.libgcc.builtins
                0x00000000000016c6        0x0 /usr/lib/gcc/avr/11.2.0/avr5/libgcc.a(_copy_data.o)
 .text.libgcc.fmul
                0x00000000000016c6        0x0 /usr/lib/gcc/avr/11.2.0/avr5/libgcc.a(_copy_data.o)
 .text.libgcc.fixed
                0x00000000000016c6        0x0 /usr/lib/gcc/avr/11.2.0/avr5/libgcc.a(_copy_data.o)
 .text.libgcc.mul
                0x00000000000016c6        0x0 /usr/lib/gcc/avr/11.2.0/avr5/libgcc.a(_clear_bss.o)
 .text.libgcc.div
                0x00000000000016c6        0x0 /usr/lib/gcc/avr/11.2.0/avr5/libgcc.a(_clear_bss.o)
 .text.libgcc   0x00000000000016c6        0x0 /usr/lib/gcc/avr/11.2.0/avr5/libgcc.a(_clear_bss.o)
 .text.libgcc.prologue
                0x00000000000016c6        0x0 /usr/lib/gcc/avr/11.2.0/avr5/libgcc.a(_clear_bss.o)
 .text.libgcc.builtins
                0x00000000000016c6        0x0 /usr/lib/gcc/avr/11.2.0/avr5/libgcc.a(_clear_bss.o)
 .text.libgcc.fmul
                0x00000000000016c6        0x0 /usr/lib/gcc/avr/11.2.0/avr5/libgcc.a(_clear_bss.o)
 .text.libgcc.fixed
                0x00000000000016c6        0x0 /usr/lib/gcc/avr/11.2.0/avr5/libgcc.a(_clear_bss.o)
 .text.libgcc.mul
                0x00000000000016c6       0x16 /usr/lib/gcc/avr/11.2.0/avr5/libgcc.a(_muluhisi3.o)
                0x00000000000016c6                __muluhisi3
 .text.libgcc.div
                0x00000000000016dc        0x0 /usr/lib/gcc/avr/11.2.0/avr5/libgcc.a(_muluhisi3.o)
 .text.libgcc   0x00000000000016dc        0x0 /usr/lib/gcc/avr/11.2.0/avr5/libgcc.a(_muluhisi3.o)
 .text.libgcc.prologue
                0x00000000000016dc        0x0 /usr/lib/gcc/avr/11.2.0/avr5/libgcc.a(_muluhisi3.o)
 .text.libgcc.builtins
                0x00000000000016dc        0x0 /usr/lib/gcc/avr/11.2.0/avr5/libgcc.a(_muluhisi3.o)
 .text.libgcc.fmul
                0x00000000000016dc        0x0 /usr/lib/gcc/avr/11.2.0/avr5/libgcc.a(_muluhisi3.o)
 .text.libgcc.fixed
                0x00000000000016dc        0x0 /usr/lib/gcc/avr/11.2.0/avr5/libgcc.a(_muluhisi3.o)
 .text.libgcc.mul
                0x00000000000016dc        0x0 /usr/lib/gcc/avr/11.2.0/avr5/libgcc.a(_prologue.o)
 .text.libgcc.div
                0x00000000000016dc        0x0 /usr/lib/gcc/avr/11.2.0/avr5/libgcc.a(_prologue.o)
 .text.libgcc   0x00000000000016dc        0x0 /usr/lib/gcc/avr/11.2.0/avr5/libgcc.a(_prologue.o)
 .text.libgcc.prologue
                0x00000000000016dc       0x38 /usr/lib/gcc/avr/11.2.0/avr5/libgcc.a(_prologue.o)
                0x00000000000016dc                __prologue_saves__
 .text.libgcc.builtins
                0x0000000000001714        0x0 /usr/lib/gcc/avr/11.2.0/avr5/libgcc.a(_prologue.o)
 .text.libgcc.fmul
                0x0000000000001714        0x0 /usr/lib/gcc/avr/11.2.0/avr5/libgcc.a(_prologue.o)
 .text.libgcc.fixed
                0x0000000000001714        0x0 /usr/lib/gcc/avr/11.2.0/avr5/libgcc.a(_prologue.o)
 .text.libgcc.mul
                0x0000000000001714        0x0 /usr/lib/gcc/avr/11.2.0/avr5/libgcc.a(_epilogue.o)
 .text.libgcc.div
                0x0000000000001714        0x0 /usr/lib/gcc/avr/11.2.0/avr5/libgcc.a(_epilogue.o)
 .text.libgcc   0x0000000000001714        0x0 /usr/lib/gcc/avr/11.2.0/avr5/libgcc.a(_epilogue.o)
 .text.libgcc.prologue
                0x0000000000001714       0x36 /usr/lib/gcc/avr/11.2.0/avr5/libgcc.a(_epilogue.o)
                0x0000000000001714                __epilogue_restores__
 .text.libgcc.builtins
                0x000000000000174a        0x0 /usr/lib/gcc/avr/11.2.0/avr5/libgcc.a(_epilogue.o)
 .text.libgcc.fmul
                0x000000000000174a        0x0 /usr/lib/gcc/avr/11.2.0/avr5/libgcc.a(_epilogue.o)
 .text.libgcc.fixed
                0x000000000000174a        0x0 /usr/lib/gcc/avr/11.2.0/avr5/libgcc.a(_epilogue.o)
 .text.libgcc.mul
                0x000000000000174a        0x0 /usr/lib/gcc/avr/11.2.0/avr5/libgcc.a(_udivmodhi4.o)
 .text.libgcc.div
                0x000000000000174a       0x28 /usr/lib/gcc/avr/11.2.0/avr5/libgcc.a(_udivmodhi4.o)
                0x000000000000174a                __udivmodhi4
 .text.libgcc   0x0000000000001772        0x0 /usr/lib/gcc/avr/11.2.0/avr5/libgcc.a(_udivmodhi4.o)
 .text.libgcc.prologue
                0x0000000000001772        0x0 /usr/lib/gcc/avr/11.2.0/avr5/libgcc.a(_udivmodhi4.o)
 .text.libgcc.builtins
                0x0000000000001772        0x0 /usr/lib/gcc/avr/11.2.0/avr5/libgcc.a(_udivmodhi4.o)
 .text.libgcc.fmul
                0x0000000000001772        0x0 /usr/lib/gcc/avr/11.2.0/avr5/libgcc.a(_udivmodhi4.o)
 .text.libgcc.fixed
                0x0000000000001772        0x0 /usr/lib/gcc/avr/11.2.0/avr5/libgcc.a(_udivmodhi4.o)
 .text.libgcc.mul
                0x0000000000001772        0x0 /usr/lib/gcc/avr/11.2.0/avr5/libgcc.a(_udivmodsi4.o)
 .text.libgcc.div
                0x0000000000001772       0x44 /usr/lib/gcc/avr/11.2.0/avr5/libgcc.a(_udivmodsi4.o)
                0x0000000000001772                __udivmodsi4
 .text.libgcc   0x00000000000017b6        0x0 /usr/lib/gcc/avr/11.2.0/avr5/libgcc.a(_udivmodsi4.o)
 .text.libgcc.prologue
                0x00000000000017b6        0x0 /usr/lib/gcc/avr/11.2.0/avr5/libgcc.a(_udivmodsi4.o)
 .text.libgcc.builtins
                0x00000000000017b6        0x0 /usr/lib/gcc/avr/11.2.0/avr5/libgcc.a(_udivmodsi4.o)
 .text.libgcc.fmul
                0x00000000000017b6        0x0 /usr/lib/gcc/avr/11.2.0/avr5/libgcc.a(_udivmodsi4.o)
 .text.libgcc.fixed
                0x00000000000017b6        0x0 /usr/lib/gcc/avr/11.2.0/avr5/libgcc.a(_udivmodsi4.o)
 .text.libgcc.mul
                0x00000000000017b6       0x1e /usr/lib/gcc/avr/11.2.0/avr5/libgcc.a(_umulhisi3.o)
                0x00000000000017b6                __umulhisi3
 .text.libgcc.div
                0x00000000000017d4        0x0 /usr/lib/gcc/avr/11.2.0/avr5/libgcc.a(_umulhisi3.o)
 .text.libgcc   0x00000000000017d4        0x0 /usr/lib/gcc/avr/11.2.0/avr5/libgcc.a(_umulhisi3.o)
 .text.libgcc.prologue
                0x00000000000017d4        0x0 /usr/lib/gcc/avr/11.2.0/avr5/libgcc.a(_umulhisi3.o)
 .text.libgcc.builtins
                0x00000000000017d4        0x0 /usr/lib/gcc/avr/11.2.0/avr5/libgcc.a(_umulhisi3.o)
 .text.libgcc.fmul
                0x00000000000017d4        0x0 /usr/lib/gcc/avr/11.2.0/avr5/libgcc.a(_umulhisi3.o)
 .text.libgcc.fixed
                0x00000000000017d4        0x0 /usr/lib/gcc/avr/11.2.0/avr5/libgcc.a(_umulhisi3.o)
 .text.avr-libc.fplib
                0x00000000000017d4        0xe /usr/lib/gcc/avr/11.2.0/../../../../avr/lib/avr5/libm.a(addsf3.o)
                0x00000000000017d4                __subsf3
                0x00000000000017d6                __addsf3
 .text.avr-libc.fplib
                0x00000000000017e2       0xcc /usr/lib/gcc/avr/11.2.0/../../../../avr/lib/avr5/libm.a(addsf3x.o)
                0x0000000000001804                __addsf3x
 .text.avr-libc.fplib
                0x00000000000018ae        0x8 /usr/lib/gcc/avr/11.2.0/../../../../avr/lib/avr5/libm.a(divsf3.o)
                0x00000000000018ae                __divsf3
 .text.avr-libc.fplib
                0x00000000000018b6       0xdc /usr/lib/gcc/avr/11.2.0/../../../../avr/lib/avr5/libm.a(divsf3x.o)
                0x00000000000018d6                __divsf3x
                0x00000000000018dc                __divsf3_pse
 .text.avr-libc.fplib
                0x0000000000001992       0x7a /usr/lib/gcc/avr/11.2.0/../../../../avr/lib/avr5/libm.a(floatsisf.o)
                0x0000000000001992                __floatunsisf
                0x0000000000001996                __floatsisf
 .text.avr-libc.fplib
                0x0000000000001a0c        0xc /usr/lib/gcc/avr/11.2.0/../../../../avr/lib/avr5/libm.a(fp_inf.o)
                0x0000000000001a0c                __fp_inf
 .text.avr-libc.fplib
                0x0000000000001a18        0x6 /usr/lib/gcc/avr/11.2.0/../../../../avr/lib/avr5/libm.a(fp_nan.o)
                0x0000000000001a18                __fp_nan
 .text.avr-libc.fplib
                0x0000000000001a1e        0xe /usr/lib/gcc/avr/11.2.0/../../../../avr/lib/avr5/libm.a(fp_pscA.o)
                0x0000000000001a1e                __fp_pscA
 .text.avr-libc.fplib
                0x0000000000001a2c        0xe /usr/lib/gcc/avr/11.2.0/../../../../avr/lib/avr5/libm.a(fp_pscB.o)
                0x0000000000001a2c                __fp_pscB
 .text.avr-libc.fplib
                0x0000000000001a3a       0x22 /usr/lib/gcc/avr/11.2.0/../../../../avr/lib/avr5/libm.a(fp_round.o)
                0x0000000000001a3a                __fp_round
 .text.avr-libc.fplib
                0x0000000000001a5c       0x44 /usr/lib/gcc/avr/11.2.0/../../../../avr/lib/avr5/libm.a(fp_split3.o)
                0x0000000000001a5c                __fp_split3
                0x0000000000001a6c                __fp_splitA
 .text.avr-libc.fplib
                0x0000000000001aa0        0xe /usr/lib/gcc/avr/11.2.0/../../../../avr/lib/avr5/libm.a(fp_zero.o)
                0x0000000000001aa0                __fp_zero
                0x0000000000001aa2                __fp_szero
 .text.avr-libc.fplib
                0x0000000000001aae        0x8 /usr/lib/gcc/avr/11.2.0/../../../../avr/lib/avr5/libm.a(mulsf3.o)
                0x0000000000001aae                __mulsf3
 .text.avr-libc.fplib
                0x0000000000001ab6       0xd2 /usr/lib/gcc/avr/11.2.0/../../../../avr/lib/avr5/libm.a(mulsf3x.o)
                0x0000000000001ad4                __mulsf3x
                0x0000000000001ada                __mulsf3_pse
 .text.avr-libc
                0x0000000000001b88      0x1b0 /usr/lib/gcc/avr/11.2.0/../../../../avr/lib/avr5/libc.a(ftoa_engine.o)
                0x0000000000001b88                __ftoa_engine
 .text.avr-libc
                0x0000000000001d38       0x12 /usr/lib/gcc/avr/11.2.0/../../../../avr/lib/avr5/libc.a(isspace.o)
                0x0000000000001d38                isspace
 .text.avr-libc
                0x0000000000001d4a       0x10 /usr/lib/gcc/avr/11.2.0/../../../../avr/lib/avr5/libc.a(tolower.o)
                0x0000000000001d4a                tolower
 .text.avr-libc
                0x0000000000001d5a       0x16 /usr/lib/gcc/avr/11.2.0/../../../../avr/lib/avr5/libc.a(strchr_P.o)
                0x0000000000001d5a                strchr_P
 .text.avr-libc
                0x0000000000001d70       0x16 /usr/lib/gcc/avr/11.2.0/../../../../avr/lib/avr5/libc.a(strnlen_P.o)
                0x0000000000001d70                strnlen_P
 .text.avr-libc
                0x0000000000001d86       0x16 /usr/lib/gcc/avr/11.2.0/../../../../avr/lib/avr5/libc.a(strnlen.o)
                0x0000000000001d86                strnlen
 .text.avr-libc
                0x0000000000001d9c       0x7c /usr/lib/gcc/avr/11.2.0/../../../../avr/lib/avr5/libc.a(fgetc.o)
                0x0000000000001d9c                fgetc
 .text.avr-libc
                0x0000000000001e18       0x60 /usr/lib/gcc/avr/11.2.0/../../../../avr/lib/avr5/libc.a(fputc.o)
                0x0000000000001e18                fputc
 .text.avr-libc
                0x0000000000001e78       0x28 /usr/lib/gcc/avr/11.2.0/../../../../avr/lib/avr5/libc.a(printf.o)
                0x0000000000001e78                printf
 .text.avr-libc
                0x0000000000001ea0       0x58 /usr/lib/gcc/avr/11.2.0/../../../../avr/lib/avr5/libc.a(puts.o)
                0x0000000000001ea0                puts
 .text.avr-libc
                0x0000000000001ef8       0x28 /usr/lib/gcc/avr/11.2.0/../../../../avr/lib/avr5/libc.a(scanf.o)
                0x0000000000001ef8                scanf
 .text.avr-libc
                0x0000000000001f20       0x30 /usr/lib/gcc/avr/11.2.0/../../../../avr/lib/avr5/libc.a(ungetc.o)
                0x0000000000001f20                ungetc
 .text.avr-libc
                0x0000000000001f50       0xbc /usr/lib/gcc/avr/11.2.0/../../../../avr/lib/avr5/libc.a(ultoa_invert.o)
                0x0000000000001f50                __ultoa_invert
 .text.avr-libc
                0x000000000000200c        0x6 /usr/lib/gcc/avr/11.2.0/../../../../avr/lib/avr5/libc.a(cty_isfalse.o)
                0x000000000000200c                __ctype_isfalse
                0x0000000000002010                __ctype_istrue
                0x0000000000002012                . = ALIGN (0x2)
 *(.fini9)
 .fini9         0x0000000000002012        0x0 /usr/lib/gcc/avr/11.2.0/avr5/libgcc.a(_exit.o)
                0x0000000000002012                exit
                0x0000000000002012                _exit
 *(.fini9)
 *(.fini8)
 *(.fini8)
 *(.fini7)
 *(.fini7)
 *(.fini6)
 *(.fini6)
 *(.fini5)
 *(.fini5)
 *(.fini4)
 *(.fini4)
 *(.fini3)
 *(.fini3)
 *(.fini2)
 *(.fini2)
 *(.fini1)
 *(.fini1)
 *(.fini0)
 .fini0         0x0000000000002012        0x4 /usr/lib/gcc/avr/11.2.0/avr5/libgcc.a(_exit.o)
 *(.fini0)
 *(.hightext)
 *(.hightext*)
 *(.progmemx.*)
                0x0000000000002016                . = ALIGN (0x2)
 *(.jumptables)
 *(.jumptables*)
                0x0000000000002016                _etext = .

.data           0x0000000000800100       0xb8 load address 0x0000000000002016
                0x0000000000800100                PROVIDE (__data_start = .)
 *(.data)
 .data          0x0000000000800100        0x0 /usr/lib/gcc/avr/11.2.0/../../../../avr/lib/avr5/crtatmega328p.o
 .data          0x0000000000800100        0x0 counter.o
 .data          0x0000000000800100        0x0 /usr/lib/gcc/avr/11.2.0/../../../../avr/lib/avr5/libscanf_flt.a(vfscanf_flt.o)
 .data          0x0000000000800100        0x0 /usr/lib/gcc/avr/11.2.0/../../../../avr/lib/avr5/libprintf_flt.a(vfprintf_flt.o)
 .data          0x0000000000800100        0x0 /usr/lib/gcc/avr/11.2.0/avr5/libgcc.a(_mulsi3.o)
 .data          0x0000000000800100        0x0 /usr/lib/gcc/avr/11.2.0/avr5/libgcc.a(_divmodhi4.o)
 .data          0x0000000000800100        0x0 /usr/lib/gcc/avr/11.2.0/avr5/libgcc.a(_divmodsi4.o)
 .data          0x0000000000800100        0x0 /usr/lib/gcc/avr/11.2.0/avr5/libgcc.a(_negsi2.o)
 .data          0x0000000000800100        0x0 /usr/lib/gcc/avr/11.2.0/avr5/libgcc.a(_exit.o)
 .data          0x0000000000800100        0x0 /usr/lib/gcc/avr/11.2.0/avr5/libgcc.a(_copy_data.o)
 .data          0x0000000000800100        0x0 /usr/lib/gcc/avr/11.2.0/avr5/libgcc.a(_clear_bss.o)
 .data          0x0000000000800100        0x0 /usr/lib/gcc/avr/11.2.0/avr5/libgcc.a(_muluhisi3.o)
 .data          0x0000000000800100        0x0 /usr/lib/gcc/avr/11.2.0/avr5/libgcc.a(_prologue.o)
 .data          0x0000000000800100        0x0 /usr/lib/gcc/avr/11.2.0/avr5/libgcc.a(_epilogue.o)
 .data          0x0000000000800100        0x0 /usr/lib/gcc/avr/11.2.0/avr5/libgcc.a(_udivmodhi4.o)
 .data          0x0000000000800100        0x0 /usr/lib/gcc/avr/11.2.0/avr5/libgcc.a(_udivmodsi4.o)
 .data          0x0000000000800100        0x0 /usr/lib/gcc/avr/11.2.0/avr5/libgcc.a(_umulhisi3.o)
 .data          0x0000000000800100        0x0 /usr/lib/gcc/avr/11.2.0/../../../../avr/lib/avr5/libm.a(addsf3.o)
 .data          0x0000000000800100        0x0 /usr/lib/gcc/avr/11.2.0/../../../../avr/lib/avr5/libm.a(addsf3x.o)
 .data          0x0000000000800100        0x0 /usr/lib/gcc/avr/11.2.0/../../../../avr/lib/avr5/libm.a(divsf3.o)
 .data          0x0000000000800100        0x0 /usr/lib/gcc/avr/11.2.0/../../../../avr/lib/avr5/libm.a(divsf3x.o)
 .data          0x0000000000800100        0x0 /usr/lib/gcc/avr/11.2.0/../../../../avr/lib/avr5/libm.a(floatsisf.o)
 .data          0x0000000000800100        0x0 /usr/lib/gcc/avr/11.2.0/../../../../avr/lib/avr5/libm.a(fp_inf.o)
 .data          0x0000000000800100        0x0 /usr/lib/gcc/avr/11.2.0/../../../../avr/lib/avr5/libm.a(fp_nan.o)
 .data          0x0000000000800100        0x0 /usr/lib/gcc/avr/11.2.0/../../../../avr/lib/avr5/libm.a(fp_pscA.o)
 .data          0x0000000000800100        0x0 /usr/lib/gcc/avr/11.2.0/../../../../avr/lib/avr5/libm.a(fp_pscB.o)
 .data          0x0000000000800100        0x0 /usr/lib/gcc/avr/11.2.0/../../../../avr/lib/avr5/libm.a(fp_round.o)
 .data          0x0000000000800100        0x0 /usr/lib/gcc/avr/11.2.0/../../../../avr/lib/avr5/libm.a(fp_split3.o)
 .data          0x0000000000800100        0x0 /usr/lib/gcc/avr/11.2.0/../../../../avr/lib/avr5/libm.a(fp_zero.o)
 .data          0x0000000000800100        0x0 /usr/lib/gcc/avr/11.2.0/../../../../avr/lib/avr5/libm.a(mulsf3.o)
 .data          0x0000000000800100        0x0 /usr/lib/gcc/avr/11.2.0/../../../../avr/lib/avr5/libm.a(mulsf3x.o)
 .data          0x0000000000800100        0x0 /usr/lib/gcc/avr/11.2.0/../../../../avr/lib/avr5/libc.a(ftoa_engine.o)
 .data          0x0000000000800100        0x0 /usr/lib/gcc/avr/11.2.0/../../../../avr/lib/avr5/libc.a(isspace.o)
 .data          0x0000000000800100        0x0 /usr/lib/gcc/avr/11.2.0/../../../../avr/lib/avr5/libc.a(tolower.o)
 .data          0x0000000000800100        0x0 /usr/lib/gcc/avr/11.2.0/../../../../avr/lib/avr5/libc.a(strchr_P.o)
 .data          0x0000000000800100        0x0 /usr/lib/gcc/avr/11.2.0/../../../../avr/lib/avr5/libc.a(strnlen_P.o)
 .data          0x0000000000800100        0x0 /usr/lib/gcc/avr/11.2.0/../../../../avr/lib/avr5/libc.a(strnlen.o)
 .data          0x0000000000800100        0x0 /usr/lib/gcc/avr/11.2.0/../../../../avr/lib/avr5/libc.a(fgetc.o)
 .data          0x0000000000800100        0x0 /usr/lib/gcc/avr/11.2.0/../../../../avr/lib/avr5/libc.a(fputc.o)
 .data          0x0000000000800100        0x0 /usr/lib/gcc/avr/11.2.0/../../../../avr/lib/avr5/libc.a(iob.o)
 .data          0x0000000000800100        0x0 /usr/lib/gcc/avr/11.2.0/../../../../avr/lib/avr5/libc.a(printf.o)
 .data          0x0000000000800100        0x0 /usr/lib/gcc/avr/11.2.0/../../../../avr/lib/avr5/libc.a(puts.o)
 .data          0x0000000000800100        0x0 /usr/lib/gcc/avr/11.2.0/../../../../avr/lib/avr5/libc.a(scanf.o)
 .data          0x0000000000800100        0x0 /usr/lib/gcc/avr/11.2.0/../../../../avr/lib/avr5/libc.a(ungetc.o)
 .data          0x0000000000800100        0x0 /usr/lib/gcc/avr/11.2.0/../../../../avr/lib/avr5/libc.a(ultoa_invert.o)
 .data          0x0000000000800100        0x0 /usr/lib/gcc/avr/11.2.0/../../../../avr/lib/avr5/libc.a(cty_isfalse.o)
 *(.data*)
 *(.gnu.linkonce.d*)
 *(.rodata)
 *(.rodata*)
 .rodata.str1.1
                0x0000000000800100       0xb7 counter.o
 *(.gnu.linkonce.r*)
                0x00000000008001b8                . = ALIGN (0x2)
 *fill*         0x00000000008001b7        0x1 
                0x00000000008001b8                _edata = .
                0x00000000008001b8                PROVIDE (__data_end = .)

.bss            0x00000000008001b8       0x14
                0x00000000008001b8                PROVIDE (__bss_start = .)
 *(.bss)
 .bss           0x00000000008001b8        0x0 /usr/lib/gcc/avr/11.2.0/../../../../avr/lib/avr5/crtatmega328p.o
 .bss           0x00000000008001b8        0xe counter.o
                0x00000000008001b8                uart_file
 .bss           0x00000000008001c6        0x0 /usr/lib/gcc/avr/11.2.0/../../../../avr/lib/avr5/libscanf_flt.a(vfscanf_flt.o)
 .bss           0x00000000008001c6        0x0 /usr/lib/gcc/avr/11.2.0/../../../../avr/lib/avr5/libprintf_flt.a(vfprintf_flt.o)
 .bss           0x00000000008001c6        0x0 /usr/lib/gcc/avr/11.2.0/avr5/libgcc.a(_mulsi3.o)
 .bss           0x00000000008001c6        0x0 /usr/lib/gcc/avr/11.2.0/avr5/libgcc.a(_divmodhi4.o)
 .bss           0x00000000008001c6        0x0 /usr/lib/gcc/avr/11.2.0/avr5/libgcc.a(_divmodsi4.o)
 .bss           0x00000000008001c6        0x0 /usr/lib/gcc/avr/11.2.0/avr5/libgcc.a(_negsi2.o)
 .bss           0x00000000008001c6        0x0 /usr/lib/gcc/avr/11.2.0/avr5/libgcc.a(_exit.o)
 .bss           0x00000000008001c6        0x0 /usr/lib/gcc/avr/11.2.0/avr5/libgcc.a(_copy_data.o)
 .bss           0x00000000008001c6        0x0 /usr/lib/gcc/avr/11.2.0/avr5/libgcc.a(_clear_bss.o)
 .bss           0x00000000008001c6        0x0 /usr/lib/gcc/avr/11.2.0/avr5/libgcc.a(_muluhisi3.o)
 .bss           0x00000000008001c6        0x0 /usr/lib/gcc/avr/11.2.0/avr5/libgcc.a(_prologue.o)
 .bss           0x00000000008001c6        0x0 /usr/lib/gcc/avr/11.2.0/avr5/libgcc.a(_epilogue.o)
 .bss           0x00000000008001c6        0x0 /usr/lib/gcc/avr/11.2.0/avr5/libgcc.a(_udivmodhi4.o)
 .bss           0x00000000008001c6        0x0 /usr/lib/gcc/avr/11.2.0/avr5/libgcc.a(_udivmodsi4.o)
 .bss           0x00000000008001c6        0x0 /usr/lib/gcc/avr/11.2.0/avr5/libgcc.a(_umulhisi3.o)
 .bss           0x00000000008001c6        0x0 /usr/lib/gcc/avr/11.2.0/../../../../avr/lib/avr5/libm.a(addsf3.o)
 .bss           0x00000000008001c6        0x0 /usr/lib/gcc/avr/11.2.0/../../../../avr/lib/avr5/libm.a(addsf3x.o)
 .bss           0x00000000008001c6        0x0 /usr/lib/gcc/avr/11.2.0/../../../../avr/lib/avr5/libm.a(divsf3.o)
 .bss           0x00000000008001c6        0x0 /usr/lib/gcc/avr/11.2.0/../../../../avr/lib/avr5/libm.a(divsf3x.o)
 .bss           0x00000000008001c6        0x0 /usr/lib/gcc/avr/11.2.0/../../../../avr/lib/avr5/libm.a(floatsisf.o)
 .bss           0x00000000008001c6        0x0 /usr/lib/gcc/avr/11.2.0/../../../../avr/lib/avr5/libm.a(fp_inf.o)
 .bss           0x00000000008001c6        0x0 /usr/lib/gcc/avr/11.2.0/../../../../avr/lib/avr5/libm.a(fp_nan.o)
 .bss           0x00000000008001c6        0x0 /usr/lib/gcc/avr/11.2.0/../../../../avr/lib/avr5/libm.a(fp_pscA.o)
 .bss           0x00000000008001c6        0x0 /usr/lib/gcc/avr/11.2.0/../../../../avr/lib/avr5/libm.a(fp_pscB.o)
 .bss           0x00000000008001c6        0x0 /usr/lib/gcc/avr/11.2.0/../../../../avr/lib/avr5/libm.a(fp_round.o)
 .bss           0x00000000008001c6        0x0 /usr/lib/gcc/avr/11.2.0/../../../../avr/lib/avr5/libm.a(fp_split3.o)
 .bss           0x00000000008001c6        0x0 /usr/lib/gcc/avr/11.2.0/../../../../avr/lib/avr5/libm.a(fp_zero.o)
 .bss           0x00000000008001c6        0x0 /usr/lib/gcc/avr/11.2.0/../../../../avr/lib/avr5/libm.a(mulsf3.o)
 .bss           0x00000000008001c6        0x0 /usr/lib/gcc/avr/11.2.0/../../../../avr/lib/avr5/libm.a(mulsf3x.o)
 .bss           0x00000000008001c6        0x0 /usr/lib/gcc/avr/11.2.0/../../../../avr/lib/avr5/libc.a(ftoa_engine.o)
 .bss           0x00000000008001c6        0x0 /usr/lib/gcc/avr/11.2.0/../../../../avr/lib/avr5/libc.a(isspace.o)
 .bss           0x00000000008001c6        0x0 /usr/lib/gcc/avr/11.2.0/../../../../avr/lib/avr5/libc.a(tolower.o)
 .bss           0x00000000008001c6        0x0 /usr/lib/gcc/avr/11.2.0/../../../../avr/lib/avr5/libc.a(strchr_P.o)
 .bss           0x00000000008001c6        0x0 /usr/lib/gcc/avr/11.2.0/../../../../avr/lib/avr5/libc.a(strnlen_P.o)
 .bss           0x00000000008001c6        0x0 /usr/lib/gcc/avr/11.2.0/../../../../avr/lib/avr5/libc.a(strnlen.o)
 .bss           0x00000000008001c6        0x0 /usr/lib/gcc/avr/11.2.0/../../../../avr/lib/avr5/libc.a(fgetc.o)
 .bss           0x00000000008001c6        0x0 /usr/lib/gcc/avr/11.2.0/../../../../avr/lib/avr5/libc.a(fputc.o)
 .bss           0x00000000008001c6        0x6 /usr/lib/gcc/avr/11.2.0/../../../../avr/lib/avr5/libc.a(iob.o)
                0x00000000008001c6                __iob
 .bss           0x00000000008001cc        0x0 /usr/lib/gcc/avr/11.2.0/../../../../avr/lib/avr5/libc.a(printf.o)
 .bss           0x00000000008001cc        0x0 /usr/lib/gcc/avr/11.2.0/../../../../avr/lib/avr5/libc.a(puts.o)
 .bss           0x00000000008001cc        0x0 /usr/lib/gcc/avr/11.2.0/../../../../avr/lib/avr5/libc.a(scanf.o)
 .bss           0x00000000008001cc        0x0 /usr/lib/gcc/avr/11.2.0/../../../../avr/lib/avr5/libc.a(ungetc.o)
 .bss           0x00000000008001cc        0x0 /usr/lib/gcc/avr/11.2.0/../../../../avr/lib/avr5/libc.a(ultoa_invert.o)
 .bss           0x00000000008001cc        0x0 /usr/lib/gcc/avr/11.2.0/../../../../avr/lib/avr5/libc.a(cty_isfalse.o)
 *(.bss*)
 *(COMMON)
                0x00000000008001cc                PROVIDE (__bss_end = .)
                0x0000000000002016                __data_load_start = LOADADDR (.data)
                0x00000000000020ce                __data_load_end = (__data_load_start + SIZEOF (.data))

.noinit         0x00000000008001cc        0x0
                [!provide]                        PROVIDE (__noinit_start = .)
 *(.noinit .noinit.* .gnu.linkonce.n.*)
                [!provide]                        PROVIDE (__noinit_end = .)
                0x00000000008001cc                _end = .
                [!provide]                        PROVIDE (__heap_start = .)

.eeprom         0x0000000000810000        0x0
 *(.eeprom*)
                0x0000000000810000                __eeprom_end = .

.fuse
 *(.fuse)
 *(.lfuse)
 *(.hfuse)
 *(.efuse)

.lock
 *(.lock*)

.signature
 *(.signature*)

.stab           0x0000000000000000      0x81c
 *(.stab)
 .stab          0x0000000000000000      0x81c counter.o

.stabstr        0x0000000000000000      0x402
 *(.stabstr)
 .stabstr       0x0000000000000000      0x402 counter.o

.stab.excl
 *(.stab.excl)

.stab.exclstr
 *(.stab.exclstr)

.stab.index
 *(.stab.index)

.stab.indexstr
 *(.stab.indexstr)

.comment        0x0000000000000000       0x24
 *(.comment)
 .comment       0x0000000000000000       0x12 counter.o
                                         0x13 (size before relaxing)
 .comment       0x0000000000000012       0x12 /usr/lib/gcc/avr/11.2.0/../../../../avr/lib/avr5/libscanf_flt.a(vfscanf_flt.o)
                                         0x13 (size before relaxing)
 .comment       0x0000000000000024       0x13 /usr/lib/gcc/avr/11.2.0/../../../../avr/lib/avr5/libprintf_flt.a(vfprintf_flt.o)
 .comment       0x0000000000000024       0x13 /usr/lib/gcc/avr/11.2.0/../../../../avr/lib/avr5/libc.a(fgetc.o)
 .comment       0x0000000000000024       0x13 /usr/lib/gcc/avr/11.2.0/../../../../avr/lib/avr5/libc.a(fputc.o)
 .comment       0x0000000000000024       0x13 /usr/lib/gcc/avr/11.2.0/../../../../avr/lib/avr5/libc.a(iob.o)
 .comment       0x0000000000000024       0x13 /usr/lib/gcc/avr/11.2.0/../../../../avr/lib/avr5/libc.a(printf.o)
 .comment       0x0000000000000024       0x13 /usr/lib/gcc/avr/11.2.0/../../../../avr/lib/avr5/libc.a(puts.o)
 .comment       0x0000000000000024       0x13 /usr/lib/gcc/avr/11.2.0/../../../../avr/lib/avr5/libc.a(scanf.o)
 .comment       0x0000000000000024       0x13 /usr/lib/gcc/avr/11.2.0/../../../../avr/lib/avr5/libc.a(ungetc.o)

.note.gnu.avr.deviceinfo
                0x0000000000000000       0x40
 .note.gnu.avr.deviceinfo
                0x0000000000000000       0x40 /usr/lib/gcc/avr/11.2.0/../../../../avr/lib/avr5/crtatmega328p.o

.note.gnu.build-id
 *(.note.gnu.build-id)

.debug
 *(.debug)

.line
 *(.line)

.debug_srcinfo
 *(.debug_srcinfo)

.debug_sfnames
 *(.debug_sfnames)

.debug_aranges
 *(.debug_aranges)

.debug_pubnames
 *(.debug_pubnames)

.debug_info     0x0000000000000000      0x5f4
 *(.debug_info .gnu.linkonce.wi.*)
 .debug_info    0x0000000000000000      0x5f4 /usr/lib/gcc/avr/11.2.0/../../../../avr/lib/avr5/crtatmega328p.o

.debug_abbrev   0x0000000000000000      0x5a2
 *(.debug_abbrev)
 .debug_abbrev  0x0000000000000000      0x5a2 /usr/lib/gcc/avr/11.2.0/../../../../avr/lib/avr5/crtatmega328p.o

.debug_line     0x0000000000000000       0x1d
 *(.debug_line .debug_line.* .debug_line_end)
 .debug_line    0x0000000000000000       0x1d /usr/lib/gcc/avr/11.2.0/../../../../avr/lib/avr5/crtatmega328p.o

.debug_frame
 *(.debug_frame)

.debug_str      0x0000000000000000      0x208
 *(.debug_str)
 .debug_str     0x0000000000000000      0x208 /usr/lib/gcc/avr/11.2.0/../../../../avr/lib/avr5/crtatmega328p.o

.debug_loc
 *(.debug_loc)

.debug_macinfo
 *(.debug_macinfo)

.debug_weaknames
 *(.debug_weaknames)

.debug_funcnames
 *(.debug_funcnames)

.debug_typenames
 *(.debug_typenames)

.debug_varnames
 *(.debug_varnames)

.debug_pubtypes
 *(.debug_pubtypes)

.debug_ranges
 *(.debug_ranges)

.debug_addr
 *(.debug_addr)

.debug_line_str
 *(.debug_line_str)

.debug_loclists
 *(.debug_loclists)

.debug_macro
 *(.debug_macro)

.debug_names
 *(.debug_names)

.debug_rnglists
 *(.debug_rnglists)

.debug_str_offsets
 *(.debug_str_offsets)

.debug_sup
 *(.debug_sup)
OUTPUT(counter.elf elf32-avr)
LOAD linker stubs
